<!DOCTYPE html>
<html>
  <head>
    {{- template "googleanalytics" . -}}
    <title>{{.Title}} Digest Search</title>
    <link rel="shortcut icon" href="/dist/favicon.ico" />
    <script>
      window.GoldSettings = {{.GoldSettings}};
    </script>
  </head>
  <body class="body-sk">
    <gold-scaffold-sk>
      <search-page-sk></search-page-sk>
    </gold-scaffold-sk>
  </body>
  {{- template "cookieconsent" . -}}
</html>
