<script src="https://www.gstatic.com/glue/cookienotificationbar/cookienotificationbar.min.js"
data-glue-cookie-notification-bar-category="2B"
nonce="{{ .Nonce }}">
</script>
<link href="https://www.gstatic.com/glue/cookienotificationbar/cookienotificationbar.min.css" rel="stylesheet">